
> my-app@0.0.0 build
> tsc -b && vite build

src/components/games/ContrastGame.tsx(37,12): error TS6133: 'selected' is declared but its value is never read.
src/components/games/ContrastGame.tsx(38,12): error TS6133: 'score' is declared but its value is never read.
